Sketch uses 1744484 bytes (88%) of program storage space. Maximum is 1966080 bytes.
Global variables use 56148 bytes (17%) of dynamic memory, leaving 271532 bytes for local variables. Maximum is 327680 bytes.
